POST https://jsonplaceholder.typicode.com/todos/1
Content-Type: application/json
X-MY-NAME: Fonov Sergei