{
  "dateCreate" : -976807200,
  "director" : "Jessica M. Thompson",
  "genre" : "Horror",
  "rating" : 1,
  "review" : "Just don't watch the trailer",
  "title" : "THE INVITATION"
}