<_TtGC7SwiftUI14_UIHostingViewV21RottenTomatoesReviews10RatingView_; frame = (0 0; 390 844); autoresize = W+H; gestureRecognizers = <NSArray>; backgroundColor = <UIDynamicSystemColor; name = systemBackgroundColor>; layer = <CALayer>>
   | <SwiftUI._UIGraphicsView; frame = (0 409.667; 71.6667 71.6667); anchorPoint = (0, 0); autoresizesSubviews = NO; layer = <SwiftUI.ImageLayer>>
   | <SwiftUI._UIGraphicsView; frame = (79.6667 409.667; 71.6667 71.6667); anchorPoint = (0, 0); autoresizesSubviews = NO; layer = <SwiftUI.ImageLayer>>
   | <SwiftUI._UIGraphicsView; frame = (159.333 409.667; 71.3333 71.6667); anchorPoint = (0, 0); autoresizesSubviews = NO; layer = <SwiftUI.ImageLayer>>
   | <SwiftUI._UIGraphicsView; frame = (238.667 409.667; 71.6667 71.6667); anchorPoint = (0, 0); autoresizesSubviews = NO; layer = <SwiftUI.ImageLayer>>
   | <SwiftUI._UIGraphicsView; frame = (318.333 409.667; 71.6667 71.6667); anchorPoint = (0, 0); autoresizesSubviews = NO; layer = <SwiftUI.ImageLayer>>